 test_hist	gaus(0) expo(3) 0 0 10 5005.69 3.0004 -0.501326 8.91282 -0.501843
